../Core/Src/main.c:113:5:main	4120	static
../Core/Src/main.c:218:6:SystemClock_Config	88	static
../Core/Src/main.c:275:13:MX_ADC1_Init	24	static
../Core/Src/main.c:327:13:MX_DAC_Init	16	static
../Core/Src/main.c:367:13:MX_ETH_Init	8	static
../Core/Src/main.c:416:13:MX_USART3_UART_Init	8	static
../Core/Src/main.c:451:13:MX_USB_OTG_FS_PCD_Init	8	static
../Core/Src/main.c:486:13:MX_GPIO_Init	56	static
../Core/Src/main.c:544:6:HAL_UART_RxCpltCallback	32	static
../Core/Src/main.c:607:6:HAL_GPIO_EXTI_Callback	16	static
../Core/Src/main.c:622:6:Error_Handler	4	static,ignoring_inline_asm
