../Core/Src/main.c:109:5:main	4120	static
../Core/Src/main.c:216:6:SystemClock_Config	88	static
../Core/Src/main.c:273:13:MX_ADC1_Init	24	static
../Core/Src/main.c:325:13:MX_DAC_Init	16	static
../Core/Src/main.c:365:13:MX_ETH_Init	8	static
../Core/Src/main.c:414:13:MX_USART3_UART_Init	8	static
../Core/Src/main.c:449:13:MX_USB_OTG_FS_PCD_Init	8	static
../Core/Src/main.c:484:13:MX_GPIO_Init	56	static
../Core/Src/main.c:543:6:HAL_UART_RxCpltCallback	16	static
../Core/Src/main.c:553:6:HAL_GPIO_EXTI_Callback	16	static
../Core/Src/main.c:573:6:Error_Handler	4	static,ignoring_inline_asm
